[debug] [2026-09-18T07:40:31.510Z] ----------------------------------------------------------------------
[debug] [2026-09-18T07:40:31.517Z] Command:       C:\nvm4w\nodejs\node.exe C:\nvm4w\nodejs\node_modules\firebase-tools\lib\bin\firebase.js init
[debug] [2026-09-18T07:40:31.518Z] CLI Version:   15.22.0
[debug] [2026-09-18T07:40:31.519Z] Platform:      win32
[debug] [2026-09-18T07:40:31.519Z] Node Version:  v22.22.3
[debug] [2026-09-18T07:40:31.520Z] Detected Agent: unknown
[debug] [2026-09-18T07:40:31.520Z] Time:          Fri Sep 18 2026 08:40:31 GMT+0100 (West Africa Time)
[debug] [2026-09-18T07:40:31.521Z] ----------------------------------------------------------------------
[debug] 
[info] 
     ######## #### ########  ######## ########     ###     ######  ########
     ##        ##  ##     ## ##       ##     ##  ##   ##  ##       ##
     ######    ##  ########  ######   ########  #########  ######  ######
     ##        ##  ##    ##  ##       ##     ## ##     ##       ## ##
     ##       #### ##     ## ######## ########  ##     ##  ######  ########

You're about to initialize a Firebase project in this directory:

  C:\projects\Mindora-App

Before we get started, keep in mind:

  * You are currently outside your home directory

[info] 
=== Project Setup
[info] 
[info] First, let's associate this project directory with a Firebase project.
[info] You can create multiple project aliases by running firebase use --add, 
[info] 
[debug] [2026-09-18T07:41:43.716Z] > command requires scopes: ["email","openid","https://www.googleapis.com/auth/cloudplatformprojects.readonly","https://www.googleapis.com/auth/firebase","https://www.googleapis.com/auth/cloud-platform"]
[debug] [2026-09-18T07:41:43.718Z] > authorizing via signed-in user (mindoraapp698@gmail.com)
[debug] [2026-09-18T07:41:43.722Z] Checked if tokens are valid: true, expires at: 1789719708477
[debug] [2026-09-18T07:41:43.723Z] Checked if tokens are valid: true, expires at: 1789719708477
[debug] [2026-09-18T07:41:43.729Z] >>> [apiv2][query] GET https://firebase.googleapis.com/v1beta1/projects/mindora-71622 [none]
[debug] [2026-09-18T07:41:55.210Z] <<< [apiv2][status] GET https://firebase.googleapis.com/v1beta1/projects/mindora-71622 200
[debug] [2026-09-18T07:41:55.210Z] <<< [apiv2][body] GET https://firebase.googleapis.com/v1beta1/projects/mindora-71622 {"projectId":"mindora-71622","projectNumber":"597836520627","displayName":"mindora","name":"projects/mindora-71622","resources":{"hostingSite":"mindora-71622","realtimeDatabaseInstance":"mindora-71622-default-rtdb"},"state":"ACTIVE","labels":{"firebase":"enabled"},"etag":"1_f742f7c8-38f7-44aa-a6ff-68dcd7dcd9ed"}
[info] i  Using project mindora-71622 (mindora) . 
[info] 
=== Firestore Setup
[info] i  firestore: ensuring required API firestore.googleapis.com is enabled... 
[debug] [2026-09-18T07:41:55.229Z] Checked if tokens are valid: true, expires at: 1789719708477
[debug] [2026-09-18T07:41:55.229Z] Checked if tokens are valid: true, expires at: 1789719708477
[debug] [2026-09-18T07:41:55.230Z] >>> [apiv2][query] GET https://firestore.googleapis.com/v1/projects/mindora-71622/databases [none]
[debug] [2026-09-18T07:42:02.998Z] <<< [apiv2][status] GET https://firestore.googleapis.com/v1/projects/mindora-71622/databases 200
[debug] [2026-09-18T07:42:02.999Z] <<< [apiv2][body] GET https://firestore.googleapis.com/v1/projects/mindora-71622/databases {"databases":[{"name":"projects/mindora-71622/databases/(default)","uid":"907434f6-4265-4145-bcb1-566f89075b3f","createTime":"2026-09-18T05:16:51.918446Z","updateTime":"2026-09-18T05:16:51.918446Z","locationId":"africa-south1","type":"FIRESTORE_NATIVE","concurrencyMode":"PESSIMISTIC","versionRetentionPeriod":"3600s","earliestVersionTime":"2026-09-18T06:42:02.958812Z","appEngineIntegrationMode":"DISABLED","pointInTimeRecoveryEnablement":"POINT_IN_TIME_RECOVERY_DISABLED","deleteProtectionState":"DELETE_PROTECTION_DISABLED","databaseEdition":"STANDARD","freeTier":true,"realtimeUpdatesMode":"REALTIME_UPDATES_MODE_ENABLED","enhancedTextSearchQueryMode":"ENHANCED_QUERY_MODE_ENABLED","etag":"IJ/ig8rQ95YDMPSnu8W695YD"}]}
[info] 
[info] Firestore Security Rules allow you to define how and when to allow
[info] requests. You can keep these rules in your project directory
[info] and publish them with firebase deploy.
[info] 
[debug] [2026-09-18T07:42:08.030Z] Checked if tokens are valid: true, expires at: 1789719708477
[debug] [2026-09-18T07:42:08.030Z] Checked if tokens are valid: true, expires at: 1789719708477
[debug] [2026-09-18T07:42:08.031Z] >>> [apiv2][query] GET https://firebaserules.googleapis.com/v1/projects/mindora-71622/releases pageSize=10&pageToken=
[debug] [2026-09-18T07:42:19.813Z] *** [apiv2] error from fetch(https://firebaserules.googleapis.com/v1/projects/mindora-71622/releases?pageSize=10&pageToken=, {"headers":{},"method":"GET"}): FetchError: request to https://firebaserules.googleapis.com/v1/projects/mindora-71622/releases?pageSize=10&pageToken= failed, reason: Client network socket disconnected before secure TLS connection was established
[debug] [2026-09-18T07:42:24.827Z] Error: Timed out.
    at Timeout._onTimeout (C:\Users\DELL\AppData\Local\nvm\v22.22.3\node_modules\firebase-tools\lib\utils.js:313:49)
    at listOnTimeout (node:internal/timers:585:17)
    at process.processTimers (node:internal/timers:521:7)
[error] 
[error] Error: An unexpected error has occurred.
